// Jest Snapshot v1, https://goo.gl/fbAQLP

exports[`FilterLink render should render match with snapshot 1`] = `
<a
  aria-current="page"
  className="active"
  href="/"
  onClick={[Function]}
  style={
    Object {
      "color": "black",
      "textDecoration": "none",
    }
  }
/>
`;
